  Determining projects to restore...
  All projects are up-to-date for restore.
C:\Users\dell\Desktop\UA\semester 7\Advanced\Project\Views\Shared\_LoginPartial.cshtml(9,6): error RZ1010: Unexpected "{" after "@" character. Once inside the body of a code block (@if {}, @{}, etc.) you do not need to use "@{" to switch to code. [C:\Users\dell\Desktop\UA\semester 7\Advanced\Project\EShopOnWeb.csproj]
